// Jest Snapshot v1, https://goo.gl/fbAQLP

exports[`Search renders correctly 1`] = `
<View
  style={
    Object {
      "marginBottom": 10,
    }
  }
>
  <TextInput
    allowFontScaling={true}
    clearButtonMode="always"
    onChangeText={[MockFunction]}
    placeholder="Search"
    value="aaa"
  />
</View>
`;
